#
# There is insufficient memory for the Java Runtime Environment to continue.
# Native memory allocation (mmap) failed to map 536870912 bytes for G1 virtual space
# Possible reasons:
#   The system is out of physical RAM or swap space
#   The process is running with CompressedOops enabled, and the Java Heap may be blocking the growth of the native heap
# Possible solutions:
#   Reduce memory load on the system
#   Increase physical memory or swap space
#   Check if swap backing store is full
#   Decrease Java heap size (-Xmx/-Xms)
#   Decrease number of Java threads
#   Decrease Java thread stack sizes (-Xss)
#   Set larger code cache with -XX:ReservedCodeCacheSize=
#   JVM is running with Zero Based Compressed Oops mode in which the Java heap is
#     placed in the first 32GB address space. The Java Heap base address is the
#     maximum limit for the native heap growth. Please use -XX:HeapBaseMinAddress
#     to set the Java Heap base and to place the Java Heap above 32GB virtual address.
# This output file may be truncated or incomplete.
#
#  Out of Memory Error (os_windows.cpp:3829), pid=20396, tid=40600
#
# JRE version:  (17.0.8.1+7) (build )
# Java VM: OpenJDK 64-Bit Server VM (17.0.8.1+7-b1000.32, mixed mode, sharing, tiered, compressed oops, compressed class ptrs, g1 gc, windows-amd64)
# No core dump will be written. Minidumps are not enabled by default on client versions of Windows
#

---------------  S U M M A R Y ------------

Command Line: git4idea.http.GitAskPassApp Username for 'https://github.com': 

Host: Intel(R) Core(TM) i7-7700HQ CPU @ 2.80GHz, 8 cores, 31G,  Windows 10 , 64 bit Build 19041 (10.0.19041.3636)
Time: Fri Nov 24 01:21:38 2023 ora solare Europa occidentale elapsed time: 0.012699 seconds (0d 0h 0m 0s)

---------------  T H R E A D  ---------------

Current thread (0x0000014efc7fc2b0):  JavaThread "Unknown thread" [_thread_in_vm, id=40600, stack(0x00000046e2400000,0x00000046e2500000)]

Stack: [0x00000046e2400000,0x00000046e2500000]
Native frames: (J=compiled Java code, j=interpreted, Vv=VM code, C=native code)
V  [jvm.dll+0x6852da]
V  [jvm.dll+0x844c84]
V  [jvm.dll+0x84659e]
V  [jvm.dll+0x846c03]
V  [jvm.dll+0x24b7cf]
V  [jvm.dll+0x682049]
V  [jvm.dll+0x67671a]
V  [jvm.dll+0x30be2b]
V  [jvm.dll+0x3132d6]
V  [jvm.dll+0x36302e]
V  [jvm.dll+0x36325f]
V  [jvm.dll+0x2e1f48]
V  [jvm.dll+0x2e2eb4]
V  [jvm.dll+0x815c11]
V  [jvm.dll+0x370df1]
V  [jvm.dll+0x7f4fdc]
V  [jvm.dll+0x3f3f1f]
V  [jvm.dll+0x3f5b31]
C  [jli.dll+0x528f]
C  [ucrtbase.dll+0x21bb2]
C  [KERNEL32.DLL+0x17344]
C  [ntdll.dll+0x526b1]


---------------  P R O C E S S  ---------------

Threads class SMR info:
_java_thread_list=0x00007ffec01b00d8, length=0, elements={
}

Java Threads: ( => current thread )

Other Threads:
  0x0000014efc8a84f0 GCTaskThread "GC Thread#0" [stack: 0x00000046e2500000,0x00000046e2600000] [id=33732]
  0x0000014efc8b9310 ConcurrentGCThread "G1 Main Marker" [stack: 0x00000046e2600000,0x00000046e2700000] [id=3196]
  0x0000014efc8b9d20 ConcurrentGCThread "G1 Conc#0" [stack: 0x00000046e2700000,0x00000046e2800000] [id=39520]

[error occurred during error reporting (printing all threads), id 0xc0000005, EXCEPTION_ACCESS_VIOLATION (0xc0000005) at pc=0x00007ffebf962ab7]

VM state: not at safepoint (not fully initialized)

VM Mutex/Monitor currently owned by a thread:  ([mutex/lock_event])
[0x0000014efc7f9730] Heap_lock - owner thread: 0x0000014efc7fc2b0

Heap address: 0x0000000602400000, size: 8156 MB, Compressed Oops mode: Zero based, Oop shift amount: 3

CDS archive(s) mapped at: [0x0000000000000000-0x0000000000000000-0x0000000000000000), size 0, SharedBaseAddress: 0x0000000800000000, ArchiveRelocationMode: 1.
Narrow klass base: 0x0000000000000000, Narrow klass shift: 0, Narrow klass range: 0x0

GC Precious Log:
<Empty>

Heap:
 garbage-first heap   total 0K, used 0K [0x0000000602400000, 0x0000000800000000)
  region size 4096K, 0 young (0K), 0 survivors (0K)
 Metaspace       used 0K, committed 0K, reserved 0K
  class space    used 0K, committed 0K, reserved 0K

Heap Regions: E=young(eden), S=young(survivor), O=old, HS=humongous(starts), HC=humongous(continues), CS=collection set, F=free, OA=open archive, CA=closed archive, TAMS=top-at-mark-start (previous, next)

Card table byte_map: [0x0000014e90320000,0x0000014e91310000] _byte_map_base: 0x0000014e8d30e000

Marking Bits (Prev, Next): (CMBitMap*) 0x0000014efc8a8b10, (CMBitMap*) 0x0000014efc8a8b50
 Prev Bits: [0x0000014e92300000, 0x0000014e9a270000)
 Next Bits: [0x0000014e9a270000, 0x0000014ea21e0000)

GC Heap History (0 events):
No events

Dll operation events (1 events):
Event: 0.008 Loaded shared library C:\Program Files\JetBrains\PhpStorm 2020.3.2\jbr\bin\java.dll

Deoptimization events (0 events):
No events

Classes unloaded (0 events):
No events

Classes redefined (0 events):
No events

Internal exceptions (0 events):
No events

VM Operations (0 events):
No events

Events (0 events):
No events


Dynamic libraries:
0x00007ff7cb520000 - 0x00007ff7cb52a000 	C:\Program Files\JetBrains\PhpStorm 2020.3.2\jbr\bin\java.exe
0x00007fff72a70000 - 0x00007fff72c68000 	C:\WINDOWS\SYSTEM32\ntdll.dll
0x00007fff71530000 - 0x00007fff715ed000 	C:\WINDOWS\System32\KERNEL32.DLL
0x00007fff703c0000 - 0x00007fff706b6000 	C:\WINDOWS\System32\KERNELBASE.dll
0x00007fff70710000 - 0x00007fff70810000 	C:\WINDOWS\System32\ucrtbase.dll
0x00007fff3bd60000 - 0x00007fff3bd77000 	C:\Program Files\JetBrains\PhpStorm 2020.3.2\jbr\bin\jli.dll
0x00007fff71ee0000 - 0x00007fff7207e000 	C:\WINDOWS\System32\USER32.dll
0x00007fff45910000 - 0x00007fff4592b000 	C:\Program Files\JetBrains\PhpStorm 2020.3.2\jbr\bin\VCRUNTIME140.dll
0x00007fff55610000 - 0x00007fff558aa000 	C:\WINDOWS\WinSxS\amd64_microsoft.windows.common-controls_6595b64144ccf1df_6.0.19041.3636_none_60b6a03d71f818d5\COMCTL32.dll
0x00007fff70360000 - 0x00007fff70382000 	C:\WINDOWS\System32\win32u.dll
0x00007fff726d0000 - 0x00007fff726fc000 	C:\WINDOWS\System32\GDI32.dll
0x00007fff71950000 - 0x00007fff719ee000 	C:\WINDOWS\System32\msvcrt.dll
0x00007fff70910000 - 0x00007fff70a2a000 	C:\WINDOWS\System32\gdi32full.dll
0x00007fff70a30000 - 0x00007fff70acd000 	C:\WINDOWS\System32\msvcp_win.dll
0x00007fff727d0000 - 0x00007fff72800000 	C:\WINDOWS\System32\IMM32.DLL
0x00007fff68ae0000 - 0x00007fff68aec000 	C:\Program Files\JetBrains\PhpStorm 2020.3.2\jbr\bin\vcruntime140_1.dll
0x00007fff229f0000 - 0x00007fff22a7d000 	C:\Program Files\JetBrains\PhpStorm 2020.3.2\jbr\bin\msvcp140.dll
0x00007ffebf670000 - 0x00007ffec02f3000 	C:\Program Files\JetBrains\PhpStorm 2020.3.2\jbr\bin\server\jvm.dll
0x00007fff71c60000 - 0x00007fff71d0f000 	C:\WINDOWS\System32\ADVAPI32.dll
0x00007fff71490000 - 0x00007fff7152c000 	C:\WINDOWS\System32\sechost.dll
0x00007fff71db0000 - 0x00007fff71ed6000 	C:\WINDOWS\System32\RPCRT4.dll
0x00007fff58390000 - 0x00007fff583b7000 	C:\WINDOWS\SYSTEM32\WINMM.dll
0x00007fff6f670000 - 0x00007fff6f6bb000 	C:\WINDOWS\SYSTEM32\POWRPROF.dll
0x00007fff62ca0000 - 0x00007fff62caa000 	C:\WINDOWS\SYSTEM32\VERSION.dll
0x00007fff56280000 - 0x00007fff56289000 	C:\WINDOWS\SYSTEM32\WSOCK32.dll
0x00007fff729b0000 - 0x00007fff72a1b000 	C:\WINDOWS\System32\WS2_32.dll
0x00007fff6f530000 - 0x00007fff6f542000 	C:\WINDOWS\SYSTEM32\UMPDC.dll
0x00007fff6e960000 - 0x00007fff6e972000 	C:\WINDOWS\SYSTEM32\kernel.appcore.dll
0x00007fff686f0000 - 0x00007fff686fa000 	C:\Program Files\JetBrains\PhpStorm 2020.3.2\jbr\bin\jimage.dll
0x00007fff6e660000 - 0x00007fff6e844000 	C:\WINDOWS\SYSTEM32\DBGHELP.DLL
0x00007fff480f0000 - 0x00007fff48124000 	C:\WINDOWS\SYSTEM32\dbgcore.DLL
0x00007fff70810000 - 0x00007fff70892000 	C:\WINDOWS\System32\bcryptPrimitives.dll
0x00007fff66610000 - 0x00007fff66635000 	C:\Program Files\JetBrains\PhpStorm 2020.3.2\jbr\bin\java.dll

dbghelp: loaded successfully - version: 4.0.5 - missing functions: none
symbol engine: initialized successfully - sym options: 0x614 - pdb path: .;C:\Program Files\JetBrains\PhpStorm 2020.3.2\jbr\bin;C:\WINDOWS\SYSTEM32;C:\WINDOWS\WinSxS\amd64_microsoft.windows.common-controls_6595b64144ccf1df_6.0.19041.3636_none_60b6a03d71f818d5;C:\Program Files\JetBrains\PhpStorm 2020.3.2\jbr\bin\server

VM Arguments:
java_command: git4idea.http.GitAskPassApp Username for 'https://github.com': 
java_class_path (initial): C:/Program Files/JetBrains/PhpStorm 2020.3.2/plugins/vcs-git/lib/git4idea-rt.jar;C:/Program Files/JetBrains/PhpStorm 2020.3.2/lib/externalProcess-rt.jar
Launcher Type: SUN_STANDARD

[Global flags]
     intx CICompilerCount                          = 4                                         {product} {ergonomic}
     uint ConcGCThreads                            = 2                                         {product} {ergonomic}
     uint G1ConcRefinementThreads                  = 8                                         {product} {ergonomic}
   size_t G1HeapRegionSize                         = 4194304                                   {product} {ergonomic}
    uintx GCDrainStackTargetSize                   = 64                                        {product} {ergonomic}
   size_t InitialHeapSize                          = 536870912                                 {product} {ergonomic}
   size_t MarkStackSize                            = 4194304                                   {product} {ergonomic}
   size_t MaxHeapSize                              = 8552185856                                {product} {ergonomic}
   size_t MinHeapDeltaBytes                        = 4194304                                   {product} {ergonomic}
   size_t MinHeapSize                              = 8388608                                   {product} {ergonomic}
    uintx NonNMethodCodeHeapSize                   = 5839372                                {pd product} {ergonomic}
    uintx NonProfiledCodeHeapSize                  = 122909434                              {pd product} {ergonomic}
    uintx ProfiledCodeHeapSize                     = 122909434                              {pd product} {ergonomic}
    uintx ReservedCodeCacheSize                    = 251658240                              {pd product} {ergonomic}
     bool SegmentedCodeCache                       = true                                      {product} {ergonomic}
   size_t SoftMaxHeapSize                          = 8552185856                             {manageable} {ergonomic}
     bool UseCompressedClassPointers               = true                           {product lp64_product} {ergonomic}
     bool UseCompressedOops                        = true                           {product lp64_product} {ergonomic}
     bool UseG1GC                                  = true                                      {product} {ergonomic}
     bool UseLargePagesIndividualAllocation        = false                                  {pd product} {ergonomic}

Logging:
Log output configuration:
 #0: stdout all=warning uptime,level,tags
 #1: stderr all=off uptime,level,tags

Environment Variables:
JAVA_HOME=C:\Program Files\Java\jdk-15.0.2
PATH=C:\Program Files\Git\mingw64\libexec\git-core;C:\Program Files\Git\mingw64\libexec\git-core;C:\Program Files\Git\mingw64\bin;C:\Program Files\Git\usr\bin;C:\Users\john\bin;C:\Windows\system32;C:\Windows;C:\Windows\System32\Wbem;C:\Windows\System32\WindowsPowerShell\v1.0;C:\Program Files (x86)\NVIDIA Corporation\PhysX\Common;C:\WINDOWS\system32;C:\WINDOWS;C:\WINDOWS\System32\Wbem;C:\WINDOWS\System32\WindowsPowerShell\v1.0;C:\WINDOWS\System32\OpenSSH;C:\wamp64\bin\php\php8.2.12;C:\Program Files (x86)\Windows Live\Shared;C:\Program Files\NVIDIA Corporation\NVIDIA NvDLISR;C:\Program Files (x86)\Yarn\bin;C:\WINDOWS\system32;C:\WINDOWS;C:\WINDOWS\System32\Wbem;C:\WINDOWS\System32\WindowsPowerShell\v1.0;C:\WINDOWS\System32\OpenSSH;C:\Program Files\PuTTY;C:\Program Files\Git\cmd;C:\Program Files\WinMerge;C:\composer;C:\Program Files (x86)\Intel\Intel(R) Management Engine Components\DAL;C:\Program Files\Intel\Intel(R) Management Engine Components\DAL;C:\Program Files\dotnet;C:\Users\john\AppData\Roaming\nvm;C:\Program Files\nodejs;C:\Users\john\AppData\Local\atom\bin;C:\Users\john\AppData\Roaming\Composer\vendor\bin;C:\Users\john\AppData\Local\Microsoft\WindowsApps;C:\Users\john\AppData\Local\Yarn\bin;C:\Program Files\JetBrains\PhpStorm 2020.3.2\bin;C:\Program Files\Java\jdk-15.0.2\bin;C:\Users\apache-maven-3.6.3-bin\apache-maven-3.6.3\bin;C:\wamp64\bin\mysql\mysql5.7.31\bin;C:\Users\john\AppData\Roaming\npm;C:\wamp64\bin\php\php8.2.12;C:\Users\john\AppData\Roaming\nvm;C:\Program Files\nodejs
USERNAME=john
DISPLAY=:0.0
LC_ALL=en_US.UTF-8
TERM=cygwin
TMPDIR=C:\Users\john\AppData\Local\Temp
OS=Windows_NT
PROCESSOR_IDENTIFIER=Intel64 Family 6 Model 158 Stepping 9, GenuineIntel
TMP=C:\Users\john\AppData\Local\Temp
TEMP=C:\Users\john\AppData\Local\Temp


JNI global refs:
JNI global refs: 0, weak refs: 0

JNI global refs memory usage: 0, weak refs: 0

OOME stack traces (most recent first):
Classloader memory used:


---------------  S Y S T E M  ---------------

OS:
 Windows 10 , 64 bit Build 19041 (10.0.19041.3636)
OS uptime: 3 days 2:30 hours
Hyper-V role detected

CPU: total 8 (initial active 8) (4 cores per cpu, 2 threads per core) family 6 model 158 stepping 9 microcode 0xea, cx8, cmov, fxsr, ht, mmx, 3dnowpref, sse, sse2, sse3, ssse3, sse4.1, sse4.2, popcnt, lzcnt, tsc, tscinvbit, avx, avx2, aes, erms, clmul, bmi1, bmi2, adx, fma, vzeroupper, clflush, clflushopt, hv
Processor Information for all 8 processors :
  Max Mhz: 2801, Current Mhz: 2801, Mhz Limit: 2801

Memory: 4k page, system-wide physical 32614M (9221M free)
TotalPageFile size 44800M (AvailPageFile size 362M)
current process WorkingSet (physical memory assigned to process): 10M, peak: 10M
current process commit charge ("private bytes"): 60M, peak: 572M

vm_info: OpenJDK 64-Bit Server VM (17.0.8.1+7-b1000.32) for windows-amd64 JRE (17.0.8.1+7-b1000.32), built on 2023-09-15 by "builduser" with MS VC++ 16.10 / 16.11 (VS2019)

END.
